// Jest Snapshot v1, https://goo.gl/fbAQLP

exports[`periods-list.jsx <PeriodsList /> should render and match snapshot 1`] = `
<div
  class="event-type-list"
>
  <table
    class="table table-hover"
  >
    <thead>
      <tr>
        <th>
          #
        </th>
        <th>
          Название
        </th>
        <th>
          Начало
        </th>
        <th>
          Конец
        </th>
        <th
          hidden=""
        />
      </tr>
    </thead>
    <tbody>
      <tr>
        <th
          scope="row"
        >
          0
        </th>
        <td>
          test
        </td>
        <td>
          2019-01-01
        </td>
        <td>
          2020-01-01
        </td>
        <td
          hidden=""
        >
          <button
            class="btn btn-warning"
            type="button"
          >
            Изменить
          </button>
          <button
            aria-label="Close"
            class="close"
            type="button"
          >
            <span
              aria-hidden="true"
            >
              ×
            </span>
          </button>
        </td>
      </tr>
    </tbody>
  </table>
</div>
`;
