// Jest Snapshot v1, https://goo.gl/fbAQLP

exports[`event-cell-row.jsx <EventCell /> should render and match snapshot 1`] = `
<div
  className="event-cell"
/>
`;
