// Jest Snapshot v1, https://goo.gl/fbAQLP

exports[`timeline.jsx <Timeline /> should render and match snapshot 1`] = `
<Container
  className="timeline"
  tag="div"
>
  <Title
    endDate={2019-10-19T08:00:19.678Z}
    onChangeEndDate={[Function]}
    onChangeStartDate={[Function]}
    startDate={2019-07-19T08:00:19.678Z}
  />
  <div
    className="timeline-wrapper"
  >
    <Row
      className="flex-nowrap"
      noGutters={true}
      tag="div"
    >
      <Col
        className="timeline-left"
        tag="div"
        widths={
          Array [
            "xs",
            "sm",
            "md",
            "lg",
            "xl",
          ]
        }
        xs="auto"
      >
        <Calendar
          range={
            Array [
              Object {
                "days": Array [
                  2019-07-19T08:00:19.678Z,
                  2019-07-20T08:00:19.678Z,
                  2019-07-21T08:00:19.678Z,
                  2019-07-22T08:00:19.678Z,
                  2019-07-23T08:00:19.678Z,
                  2019-07-24T08:00:19.678Z,
                  2019-07-25T08:00:19.678Z,
                  2019-07-26T08:00:19.678Z,
                  2019-07-27T08:00:19.678Z,
                  2019-07-28T08:00:19.678Z,
                  2019-07-29T08:00:19.678Z,
                  2019-07-30T08:00:19.678Z,
                  2019-07-31T08:00:19.678Z,
                ],
                "name": "July",
              },
              Object {
                "days": Array [
                  2019-08-01T08:00:19.678Z,
                  2019-08-02T08:00:19.678Z,
                  2019-08-03T08:00:19.678Z,
                  2019-08-04T08:00:19.678Z,
                  2019-08-05T08:00:19.678Z,
                  2019-08-06T08:00:19.678Z,
                  2019-08-07T08:00:19.678Z,
                  2019-08-08T08:00:19.678Z,
                  2019-08-09T08:00:19.678Z,
                  2019-08-10T08:00:19.678Z,
                  2019-08-11T08:00:19.678Z,
                  2019-08-12T08:00:19.678Z,
                  2019-08-13T08:00:19.678Z,
                  2019-08-14T08:00:19.678Z,
                  2019-08-15T08:00:19.678Z,
                  2019-08-16T08:00:19.678Z,
                  2019-08-17T08:00:19.678Z,
                  2019-08-18T08:00:19.678Z,
                  2019-08-19T08:00:19.678Z,
                  2019-08-20T08:00:19.678Z,
                  2019-08-21T08:00:19.678Z,
                  2019-08-22T08:00:19.678Z,
                  2019-08-23T08:00:19.678Z,
                  2019-08-24T08:00:19.678Z,
                  2019-08-25T08:00:19.678Z,
                  2019-08-26T08:00:19.678Z,
                  2019-08-27T08:00:19.678Z,
                  2019-08-28T08:00:19.678Z,
                  2019-08-29T08:00:19.678Z,
                  2019-08-30T08:00:19.678Z,
                  2019-08-31T08:00:19.678Z,
                ],
                "name": "August",
              },
              Object {
                "days": Array [
                  2019-09-01T08:00:19.678Z,
                  2019-09-02T08:00:19.678Z,
                  2019-09-03T08:00:19.678Z,
                  2019-09-04T08:00:19.678Z,
                  2019-09-05T08:00:19.678Z,
                  2019-09-06T08:00:19.678Z,
                  2019-09-07T08:00:19.678Z,
                  2019-09-08T08:00:19.678Z,
                  2019-09-09T08:00:19.678Z,
                  2019-09-10T08:00:19.678Z,
                  2019-09-11T08:00:19.678Z,
                  2019-09-12T08:00:19.678Z,
                  2019-09-13T08:00:19.678Z,
                  2019-09-14T08:00:19.678Z,
                  2019-09-15T08:00:19.678Z,
                  2019-09-16T08:00:19.678Z,
                  2019-09-17T08:00:19.678Z,
                  2019-09-18T08:00:19.678Z,
                  2019-09-19T08:00:19.678Z,
                  2019-09-20T08:00:19.678Z,
                  2019-09-21T08:00:19.678Z,
                  2019-09-22T08:00:19.678Z,
                  2019-09-23T08:00:19.678Z,
                  2019-09-24T08:00:19.678Z,
                  2019-09-25T08:00:19.678Z,
                  2019-09-26T08:00:19.678Z,
                  2019-09-27T08:00:19.678Z,
                  2019-09-28T08:00:19.678Z,
                  2019-09-29T08:00:19.678Z,
                  2019-09-30T08:00:19.678Z,
                ],
                "name": "September",
              },
              Object {
                "days": Array [
                  2019-10-01T08:00:19.678Z,
                  2019-10-02T08:00:19.678Z,
                  2019-10-03T08:00:19.678Z,
                  2019-10-04T08:00:19.678Z,
                  2019-10-05T08:00:19.678Z,
                  2019-10-06T08:00:19.678Z,
                  2019-10-07T08:00:19.678Z,
                  2019-10-08T08:00:19.678Z,
                  2019-10-09T08:00:19.678Z,
                  2019-10-10T08:00:19.678Z,
                  2019-10-11T08:00:19.678Z,
                  2019-10-12T08:00:19.678Z,
                  2019-10-13T08:00:19.678Z,
                  2019-10-14T08:00:19.678Z,
                  2019-10-15T08:00:19.678Z,
                  2019-10-16T08:00:19.678Z,
                  2019-10-17T08:00:19.678Z,
                  2019-10-18T08:00:19.678Z,
                  2019-10-19T08:00:19.678Z,
                ],
                "name": "October",
              },
            ]
          }
        />
      </Col>
      <Col
        className="timeline-info"
        tag="div"
        widths={
          Array [
            "xs",
            "sm",
            "md",
            "lg",
            "xl",
          ]
        }
        xs="auto"
      >
        <div>
          test
        </div>
      </Col>
    </Row>
  </div>
</Container>
`;
