// Jest Snapshot v1, https://goo.gl/fbAQLP

exports[`notification.jsx <Notification /> should render and match snapshot 1`] = `
<div
  className="notification"
>
  <div
    className="p-3 my-2 rounded"
  >
    <Toast
      fade={true}
      isOpen={true}
      tag="div"
      transition={
        Object {
          "appear": true,
          "baseClass": "fade",
          "baseClassActive": "show",
          "enter": true,
          "exit": true,
          "in": true,
          "mountOnEnter": false,
          "onEnter": [Function],
          "onEntered": [Function],
          "onEntering": [Function],
          "onExit": [Function],
          "onExited": [Function],
          "onExiting": [Function],
          "tag": "div",
          "timeout": 150,
          "unmountOnExit": true,
        }
      }
    >
      <ToastHeader
        charCode={215}
        closeAriaLabel="Close"
        tag="strong"
        tagClassName="mr-auto"
        wrapTag="div"
      >
        test
      </ToastHeader>
      <ToastBody
        tag="div"
      >
        some text
      </ToastBody>
    </Toast>
  </div>
</div>
`;
